<?xml version="1.0" encoding="utf-8"?><testsuites name="pytest tests"><testsuite name="pytest" errors="0" failures="0" skipped="0" tests="5" time="0.160" timestamp="2026-10-09T11:08:44.070412+02:00" hostname="MacBook-Pro-tilhrende-utku.local"><testcase classname="tests.test_flow" name="test_login_flow" time="0.021" /><testcase classname="tests.test_flow" name="test_functionality_1_create_note" time="0.017" /><testcase classname="tests.test_flow" name="test_functionality_2_view_note_and_authorization" time="0.012" /><testcase classname="tests.test_flow" name="test_functionality_3_export_note" time="0.024" /><testcase classname="tests.test_flow" name="test_admin_and_delete_permissions" time="0.017" /></testsuite></testsuites>